============ chart-a =============

------------- Unused -------------
.podLabels  values.yaml:11:1
----------- Undefined ------------
.service.nodePort  templates/service.yaml:36:20

============ chart-b =============

------------- Unused -------------
.global.domain  values.yaml:2:3

============ Summary =============

chart-a  1 Unused  1 Undefined  
chart-b  1 Unused  0 Undefined  
Total    2 Unused  1 Undefined  across 2 chart(s)
